// Jest Snapshot v1, https://goo.gl/fbAQLP

exports[`BuildInfo renders correctly with build version 1`] = `
<View
  style={
    {
      "backgroundColor": "#FFFBFE",
      "padding": 10,
    }
  }
>
  <View
    style={
      {
        "backgroundColor": "#FFFBFE",
        "borderColor": "#79747E",
        "borderWidth": 1,
      }
    }
  >
    <View
      style={
        {
          "backgroundColor": "#E7E0EC",
          "borderBottomColor": "#79747E",
          "borderBottomWidth": 1,
          "flexDirection": "row",
          "paddingBottom": 5,
          "paddingTop": 5,
        }
      }
    >
      <Text
        style={
          {
            "color": "#1C1B1F",
            "flex": 1,
            "fontFamily": "System",
            "fontWeight": "bold",
            "paddingLeft": 5,
            "paddingRight": 5,
          }
        }
      >
        Name
      </Text>
      <Text
        style={
          {
            "color": "#1C1B1F",
            "flex": 1,
            "fontFamily": "System",
            "fontWeight": "bold",
            "paddingLeft": 5,
            "paddingRight": 5,
          }
        }
      >
        Value
      </Text>
    </View>
    <View
      style={
        {
          "borderBottomColor": "#79747E",
          "borderBottomWidth": 1,
          "flexDirection": "row",
          "paddingBottom": 5,
          "paddingTop": 5,
        }
      }
    >
      <Text
        style={
          [
            {
              "flex": 1,
              "minWidth": 0,
              "paddingLeft": 5,
              "paddingRight": 5,
            },
            {
              "color": "#1C1B1F",
              "flex": 1,
              "flexShrink": 1,
              "fontFamily": "System",
            },
          ]
        }
      >
        Build Version
      </Text>
      <Text
        style={
          [
            {
              "flex": 1,
              "minWidth": 0,
              "paddingLeft": 5,
              "paddingRight": 5,
            },
            {
              "color": "#1C1B1F",
              "flex": 1,
              "flexShrink": 1,
              "fontFamily": "System",
            },
          ]
        }
      >
        1.0.0
      </Text>
    </View>
  </View>
</View>
`;
